// Jest Snapshot v1, https://goo.gl/fbAQLP

exports[`test app renders correctly 1`] = `
<ErrorBoundary>
  <SearchPage />
</ErrorBoundary>
`;
